SQL> clear screen
SQL> select first_name,salary*12
  2  from s_emp;

FIRST_NAME                 SALARY*12                                            
------------------------- ----------                                            
Carmen                         30000                                            
LaDoris                        17400                                            
Midori                         16800                                            
Mark                           17400                                            
Audry                          18600                                            
Molly                          14400                                            
Roberta                        15000                                            
Ben                            13200                                            
Antoinette                     15600                                            
Marta                          15684                                            
Colin                          16800                                            

FIRST_NAME                 SALARY*12                                            
------------------------- ----------                                            
Henry                          17880                                            
Yasmin                         18180                                            
Mai                            18300                                            
Andre                          17400                                            
Elena                          16800                                            
George                         11280                                            
Akira                          14400                                            
Vikram                          9540                                            
Chad                            9000                                            
Alexander                      10200                                            
Eddie                           9600                                            

FIRST_NAME                 SALARY*12                                            
------------------------- ----------                                            
Radha                           9540                                            
Bela                           10320                                            
Sylvie                         13200                                            

25 rows selected.

SQL> edit
Wrote file afiedt.buf

  1  select first_name,salary*12 annual_salary
  2* from s_emp
SQL> clear screen
SQL> l
  1  select first_name,salary*12 annual_salary
  2* from s_emp
SQL> select * from s_emp;

        ID LAST_NAME                 FIRST_NAME                USERID           
---------- ------------------------- ------------------------- --------         
START_DAT                                                                       
---------                                                                       
COMMENTS                                                                        
--------------------------------------------------------------------------------
MANAGER_ID TITLE                        DEPT_ID     SALARY COMMISSION_PCT       
---------- ------------------------- ---------- ---------- --------------       
         1 Velasquez                 Carmen                    cvelasqu         
03-MAR-90                                                                       
                                                                                
           President                         50       2500                      
                                                                                

        ID LAST_NAME                 FIRST_NAME                USERID           
---------- ------------------------- ------------------------- --------         
START_DAT                                                                       
---------                                                                       
COMMENTS                                                                        
--------------------------------------------------------------------------------
MANAGER_ID TITLE                        DEPT_ID     SALARY COMMISSION_PCT       
---------- ------------------------- ---------- ---------- --------------       
         2 Ngao                      LaDoris                   lngao            
08-MAR-90                                                                       
                                                                                
         1 VP, Operations                    41       1450                      
                                                                                

        ID LAST_NAME                 FIRST_NAME                USERID           
---------- ------------------------- ------------------------- --------         
START_DAT                                                                       
---------                                                                       
COMMENTS                                                                        
--------------------------------------------------------------------------------
MANAGER_ID TITLE                        DEPT_ID     SALARY COMMISSION_PCT       
---------- ------------------------- ---------- ---------- --------------       
         3 Nagayama                  Midori                    mnagayam         
17-JUN-91                                                                       
                                                                                
         1 VP, Sales                         31       1400                      
                                                                                

        ID LAST_NAME                 FIRST_NAME                USERID           
---------- ------------------------- ------------------------- --------         
START_DAT                                                                       
---------                                                                       
COMMENTS                                                                        
--------------------------------------------------------------------------------
MANAGER_ID TITLE                        DEPT_ID     SALARY COMMISSION_PCT       
---------- ------------------------- ---------- ---------- --------------       
         4 Quick-To-See              Mark                      mquickto         
07-APR-90                                                                       
                                                                                
         1 VP, Finance                       10       1450                      
                                                                                

        ID LAST_NAME                 FIRST_NAME                USERID           
---------- ------------------------- ------------------------- --------         
START_DAT                                                                       
---------                                                                       
COMMENTS                                                                        
--------------------------------------------------------------------------------
MANAGER_ID TITLE                        DEPT_ID     SALARY COMMISSION_PCT       
---------- ------------------------- ---------- ---------- --------------       
         5 Ropeburn                  Audry                     aropebur         
04-MAR-90                                                                       
                                                                                
         1 VP, Administration                50       1550                      
                                                                                

        ID LAST_NAME                 FIRST_NAME                USERID           
---------- ------------------------- ------------------------- --------         
START_DAT                                                                       
---------                                                                       
COMMENTS                                                                        
--------------------------------------------------------------------------------
MANAGER_ID TITLE                        DEPT_ID     SALARY COMMISSION_PCT       
---------- ------------------------- ---------- ---------- --------------       
         6 Urguhart                  Molly                     murguhar         
18-JAN-91                                                                       
                                                                                
         2 Warehouse Manager                 41       1200                      
                                                                                

        ID LAST_NAME                 FIRST_NAME                USERID           
---------- ------------------------- ------------------------- --------         
START_DAT                                                                       
---------                                                                       
COMMENTS                                                                        
--------------------------------------------------------------------------------
MANAGER_ID TITLE                        DEPT_ID     SALARY COMMISSION_PCT       
---------- ------------------------- ---------- ---------- --------------       
         7 Menchu                    Roberta                   rmenchu          
14-MAY-90                                                                       
                                                                                
         2 Warehouse Manager                 42       1250                      
                                                                                

        ID LAST_NAME                 FIRST_NAME                USERID           
---------- ------------------------- ------------------------- --------         
START_DAT                                                                       
---------                                                                       
COMMENTS                                                                        
--------------------------------------------------------------------------------
MANAGER_ID TITLE                        DEPT_ID     SALARY COMMISSION_PCT       
---------- ------------------------- ---------- ---------- --------------       
         8 Biri                      Ben                       bbiri            
07-APR-90                                                                       
                                                                                
         2 Warehouse Manager                 43       1100                      
                                                                                

        ID LAST_NAME                 FIRST_NAME                USERID           
---------- ------------------------- ------------------------- --------         
START_DAT                                                                       
---------                                                                       
COMMENTS                                                                        
--------------------------------------------------------------------------------
MANAGER_ID TITLE                        DEPT_ID     SALARY COMMISSION_PCT       
---------- ------------------------- ---------- ---------- --------------       
         9 Catchpole                 Antoinette                acatchpo         
09-FEB-92                                                                       
                                                                                
         2 Warehouse Manager                 44       1300                      
                                                                                

        ID LAST_NAME                 FIRST_NAME                USERID           
---------- ------------------------- ------------------------- --------         
START_DAT                                                                       
---------                                                                       
COMMENTS                                                                        
--------------------------------------------------------------------------------
MANAGER_ID TITLE                        DEPT_ID     SALARY COMMISSION_PCT       
---------- ------------------------- ---------- ---------- --------------       
        10 Havel                     Marta                     mhavel           
27-FEB-91                                                                       
                                                                                
         2 Warehouse Manager                 45       1307                      
                                                                                

        ID LAST_NAME                 FIRST_NAME                USERID           
---------- ------------------------- ------------------------- --------         
START_DAT                                                                       
---------                                                                       
COMMENTS                                                                        
--------------------------------------------------------------------------------
MANAGER_ID TITLE                        DEPT_ID     SALARY COMMISSION_PCT       
---------- ------------------------- ---------- ---------- --------------       
        11 Magee                     Colin                     cmagee           
14-MAY-90                                                                       
                                                                                
         3 Sales Representative              31       1400             10       
                                                                                

        ID LAST_NAME                 FIRST_NAME                USERID           
---------- ------------------------- ------------------------- --------         
START_DAT                                                                       
---------                                                                       
COMMENTS                                                                        
--------------------------------------------------------------------------------
MANAGER_ID TITLE                        DEPT_ID     SALARY COMMISSION_PCT       
---------- ------------------------- ---------- ---------- --------------       
        12 Giljum                    Henry                     hgiljum          
18-JAN-92                                                                       
                                                                                
         3 Sales Representative              32       1490           12.5       
                                                                                

        ID LAST_NAME                 FIRST_NAME                USERID           
---------- ------------------------- ------------------------- --------         
START_DAT                                                                       
---------                                                                       
COMMENTS                                                                        
--------------------------------------------------------------------------------
MANAGER_ID TITLE                        DEPT_ID     SALARY COMMISSION_PCT       
---------- ------------------------- ---------- ---------- --------------       
        13 Sedeghi                   Yasmin                    ysedeghi         
18-FEB-91                                                                       
                                                                                
         3 Sales Representative              33       1515             10       
                                                                                

        ID LAST_NAME                 FIRST_NAME                USERID           
---------- ------------------------- ------------------------- --------         
START_DAT                                                                       
---------                                                                       
COMMENTS                                                                        
--------------------------------------------------------------------------------
MANAGER_ID TITLE                        DEPT_ID     SALARY COMMISSION_PCT       
---------- ------------------------- ---------- ---------- --------------       
        14 Nguyen                    Mai                       mnguyen          
22-JAN-92                                                                       
                                                                                
         3 Sales Representative              34       1525             15       
                                                                                

        ID LAST_NAME                 FIRST_NAME                USERID           
---------- ------------------------- ------------------------- --------         
START_DAT                                                                       
---------                                                                       
COMMENTS                                                                        
--------------------------------------------------------------------------------
MANAGER_ID TITLE                        DEPT_ID     SALARY COMMISSION_PCT       
---------- ------------------------- ---------- ---------- --------------       
        15 Dumas                     Andre                     adumas           
09-OCT-91                                                                       
                                                                                
         3 Sales Representative              35       1450           17.5       
                                                                                

        ID LAST_NAME                 FIRST_NAME                USERID           
---------- ------------------------- ------------------------- --------         
START_DAT                                                                       
---------                                                                       
COMMENTS                                                                        
--------------------------------------------------------------------------------
MANAGER_ID TITLE                        DEPT_ID     SALARY COMMISSION_PCT       
---------- ------------------------- ---------- ---------- --------------       
        16 Maduro                    Elena                     emaduro          
07-FEB-92                                                                       
                                                                                
         6 Stock Clerk                       41       1400                      
                                                                                

        ID LAST_NAME                 FIRST_NAME                USERID           
---------- ------------------------- ------------------------- --------         
START_DAT                                                                       
---------                                                                       
COMMENTS                                                                        
--------------------------------------------------------------------------------
MANAGER_ID TITLE                        DEPT_ID     SALARY COMMISSION_PCT       
---------- ------------------------- ---------- ---------- --------------       
        17 Smith                     George                    gsmith           
08-MAR-90                                                                       
                                                                                
         6 Stock Clerk                       41        940                      
                                                                                

        ID LAST_NAME                 FIRST_NAME                USERID           
---------- ------------------------- ------------------------- --------         
START_DAT                                                                       
---------                                                                       
COMMENTS                                                                        
--------------------------------------------------------------------------------
MANAGER_ID TITLE                        DEPT_ID     SALARY COMMISSION_PCT       
---------- ------------------------- ---------- ---------- --------------       
        18 Nozaki                    Akira                     anozaki          
09-FEB-91                                                                       
                                                                                
         7 Stock Clerk                       42       1200                      
                                                                                

        ID LAST_NAME                 FIRST_NAME                USERID           
---------- ------------------------- ------------------------- --------         
START_DAT                                                                       
---------                                                                       
COMMENTS                                                                        
--------------------------------------------------------------------------------
MANAGER_ID TITLE                        DEPT_ID     SALARY COMMISSION_PCT       
---------- ------------------------- ---------- ---------- --------------       
        19 Patel                     Vikram                    vpatel           
06-AUG-91                                                                       
                                                                                
         7 Stock Clerk                       42        795                      
                                                                                

        ID LAST_NAME                 FIRST_NAME                USERID           
---------- ------------------------- ------------------------- --------         
START_DAT                                                                       
---------                                                                       
COMMENTS                                                                        
--------------------------------------------------------------------------------
MANAGER_ID TITLE                        DEPT_ID     SALARY COMMISSION_PCT       
---------- ------------------------- ---------- ---------- --------------       
        20 Newman                    Chad                      cnewman          
21-JUL-91                                                                       
                                                                                
         8 Stock Clerk                       43        750                      
                                                                                

        ID LAST_NAME                 FIRST_NAME                USERID           
---------- ------------------------- ------------------------- --------         
START_DAT                                                                       
---------                                                                       
COMMENTS                                                                        
--------------------------------------------------------------------------------
MANAGER_ID TITLE                        DEPT_ID     SALARY COMMISSION_PCT       
---------- ------------------------- ---------- ---------- --------------       
        21 Markarian                 Alexander                 amarkari         
26-MAY-91                                                                       
                                                                                
         8 Stock Clerk                       43        850                      
                                                                                

        ID LAST_NAME                 FIRST_NAME                USERID           
---------- ------------------------- ------------------------- --------         
START_DAT                                                                       
---------                                                                       
COMMENTS                                                                        
--------------------------------------------------------------------------------
MANAGER_ID TITLE                        DEPT_ID     SALARY COMMISSION_PCT       
---------- ------------------------- ---------- ---------- --------------       
        22 Chang                     Eddie                     echang           
30-NOV-90                                                                       
                                                                                
         9 Stock Clerk                       44        800                      
                                                                                

        ID LAST_NAME                 FIRST_NAME                USERID           
---------- ------------------------- ------------------------- --------         
START_DAT                                                                       
---------                                                                       
COMMENTS                                                                        
--------------------------------------------------------------------------------
MANAGER_ID TITLE                        DEPT_ID     SALARY COMMISSION_PCT       
---------- ------------------------- ---------- ---------- --------------       
        23 Patel                     Radha                     rpatel           
17-OCT-90                                                                       
                                                                                
         9 Stock Clerk                       34        795                      
                                                                                

        ID LAST_NAME                 FIRST_NAME                USERID           
---------- ------------------------- ------------------------- --------         
START_DAT                                                                       
---------                                                                       
COMMENTS                                                                        
--------------------------------------------------------------------------------
MANAGER_ID TITLE                        DEPT_ID     SALARY COMMISSION_PCT       
---------- ------------------------- ---------- ---------- --------------       
        24 Dancs                     Bela                      bdancs           
17-MAR-91                                                                       
                                                                                
        10 Stock Clerk                       45        860                      
                                                                                

        ID LAST_NAME                 FIRST_NAME                USERID           
---------- ------------------------- ------------------------- --------         
START_DAT                                                                       
---------                                                                       
COMMENTS                                                                        
--------------------------------------------------------------------------------
MANAGER_ID TITLE                        DEPT_ID     SALARY COMMISSION_PCT       
---------- ------------------------- ---------- ---------- --------------       
        25 Schwartz                  Sylvie                    sschwart         
09-MAY-91                                                                       
                                                                                
        10 Stock Clerk                       45       1100                      
                                                                                

25 rows selected.

SQL> clear screen
SQL> select first_name,salary*12 annual_salary
  2    2* from s_emp
  3  
SQL> edit
Wrote file afiedt.buf

  1  select first_name,salary*12 annual_salary
  2* from s_emp
SQL> /

FIRST_NAME                ANNUAL_SALARY                                         
------------------------- -------------                                         
Carmen                            30000                                         
LaDoris                           17400                                         
Midori                            16800                                         
Mark                              17400                                         
Audry                             18600                                         
Molly                             14400                                         
Roberta                           15000                                         
Ben                               13200                                         
Antoinette                        15600                                         
Marta                             15684                                         
Colin                             16800                                         

FIRST_NAME                ANNUAL_SALARY                                         
------------------------- -------------                                         
Henry                             17880                                         
Yasmin                            18180                                         
Mai                               18300                                         
Andre                             17400                                         
Elena                             16800                                         
George                            11280                                         
Akira                             14400                                         
Vikram                             9540                                         
Chad                               9000                                         
Alexander                         10200                                         
Eddie                              9600                                         

FIRST_NAME                ANNUAL_SALARY                                         
------------------------- -------------                                         
Radha                              9540                                         
Bela                              10320                                         
Sylvie                            13200                                         

25 rows selected.

SQL> clear screen
SQL> edit
Wrote file afiedt.buf

  1  select first_name,salary*12 "annual salary"
  2* from s_emp
SQL> clear screen
SQL> l
  1  select first_name,salary*12 "annual salary"
  2* from s_emp
SQL> /

FIRST_NAME                annual salary                                         
------------------------- -------------                                         
Carmen                            30000                                         
LaDoris                           17400                                         
Midori                            16800                                         
Mark                              17400                                         
Audry                             18600                                         
Molly                             14400                                         
Roberta                           15000                                         
Ben                               13200                                         
Antoinette                        15600                                         
Marta                             15684                                         
Colin                             16800                                         

FIRST_NAME                annual salary                                         
------------------------- -------------                                         
Henry                             17880                                         
Yasmin                            18180                                         
Mai                               18300                                         
Andre                             17400                                         
Elena                             16800                                         
George                            11280                                         
Akira                             14400                                         
Vikram                             9540                                         
Chad                               9000                                         
Alexander                         10200                                         
Eddie                              9600                                         

FIRST_NAME                annual salary                                         
------------------------- -------------                                         
Radha                              9540                                         
Bela                              10320                                         
Sylvie                            13200                                         

25 rows selected.

SQL> clear screen
SQL> select first_name||last_name
  2  from s_emp;

FIRST_NAME||LAST_NAME                                                           
--------------------------------------------------                              
CarmenVelasquez                                                                 
LaDorisNgao                                                                     
MidoriNagayama                                                                  
MarkQuick-To-See                                                                
AudryRopeburn                                                                   
MollyUrguhart                                                                   
RobertaMenchu                                                                   
BenBiri                                                                         
AntoinetteCatchpole                                                             
MartaHavel                                                                      
ColinMagee                                                                      

FIRST_NAME||LAST_NAME                                                           
--------------------------------------------------                              
HenryGiljum                                                                     
YasminSedeghi                                                                   
MaiNguyen                                                                       
AndreDumas                                                                      
ElenaMaduro                                                                     
GeorgeSmith                                                                     
AkiraNozaki                                                                     
VikramPatel                                                                     
ChadNewman                                                                      
AlexanderMarkarian                                                              
EddieChang                                                                      

FIRST_NAME||LAST_NAME                                                           
--------------------------------------------------                              
RadhaPatel                                                                      
BelaDancs                                                                       
SylvieSchwartz                                                                  

25 rows selected.

SQL> clear screen
SQL> edit
Wrote file afiedt.buf

  1  select first_name last_name
  2* from s_emp
SQL> /

LAST_NAME                                                                       
-------------------------                                                       
Carmen                                                                          
LaDoris                                                                         
Midori                                                                          
Mark                                                                            
Audry                                                                           
Molly                                                                           
Roberta                                                                         
Ben                                                                             
Antoinette                                                                      
Marta                                                                           
Colin                                                                           

LAST_NAME                                                                       
-------------------------                                                       
Henry                                                                           
Yasmin                                                                          
Mai                                                                             
Andre                                                                           
Elena                                                                           
George                                                                          
Akira                                                                           
Vikram                                                                          
Chad                                                                            
Alexander                                                                       
Eddie                                                                           

LAST_NAME                                                                       
-------------------------                                                       
Radha                                                                           
Bela                                                                            
Sylvie                                                                          

25 rows selected.

SQL> clear screen
SQL> edit
Wrote file afiedt.buf

  1  select first_name||' '||last_name
  2* from s_emp
SQL> /

FIRST_NAME||''||LAST_NAME                                                       
---------------------------------------------------                             
Carmen Velasquez                                                                
LaDoris Ngao                                                                    
Midori Nagayama                                                                 
Mark Quick-To-See                                                               
Audry Ropeburn                                                                  
Molly Urguhart                                                                  
Roberta Menchu                                                                  
Ben Biri                                                                        
Antoinette Catchpole                                                            
Marta Havel                                                                     
Colin Magee                                                                     

FIRST_NAME||''||LAST_NAME                                                       
---------------------------------------------------                             
Henry Giljum                                                                    
Yasmin Sedeghi                                                                  
Mai Nguyen                                                                      
Andre Dumas                                                                     
Elena Maduro                                                                    
George Smith                                                                    
Akira Nozaki                                                                    
Vikram Patel                                                                    
Chad Newman                                                                     
Alexander Markarian                                                             
Eddie Chang                                                                     

FIRST_NAME||''||LAST_NAME                                                       
---------------------------------------------------                             
Radha Patel                                                                     
Bela Dancs                                                                      
Sylvie Schwartz                                                                 

25 rows selected.

SQL> 
SQL> clear screen
SQL> select table_name from user_tables;

TABLE_NAME                                                                      
------------------------------                                                  
S_CUSTOMER                                                                      
S_DEPT                                                                          
S_EMP                                                                           
S_IMAGE                                                                         
S_INVENTORY                                                                     
S_ITEM                                                                          
S_LONGTEXT                                                                      
S_ORD                                                                           
S_PRODUCT                                                                       
S_REGION                                                                        
S_TITLE                                                                         

TABLE_NAME                                                                      
------------------------------                                                  
S_WAREHOUSE                                                                     

12 rows selected.

SQL> clear screen
SQL> edit
Wrote file afiedt.buf

  1* select 'select * from '||table_name||';' from user_tables
SQL> clear screen
SQL> l
  1* select 'select * from '||table_name||';' from user_tables
SQL> /

'SELECT*FROM'||TABLE_NAME||';'                                                  
---------------------------------------------                                   
select * from S_CUSTOMER;                                                       
select * from S_DEPT;                                                           
select * from S_EMP;                                                            
select * from S_IMAGE;                                                          
select * from S_INVENTORY;                                                      
select * from S_ITEM;                                                           
select * from S_LONGTEXT;                                                       
select * from S_ORD;                                                            
select * from S_PRODUCT;                                                        
select * from S_REGION;                                                         
select * from S_TITLE;                                                          

'SELECT*FROM'||TABLE_NAME||';'                                                  
---------------------------------------------                                   
select * from S_WAREHOUSE;                                                      

12 rows selected.

SQL> clear screen
SQL> set head off
SQL> /

select * from S_CUSTOMER;                                                       
select * from S_DEPT;                                                           
select * from S_EMP;                                                            
select * from S_IMAGE;                                                          
select * from S_INVENTORY;                                                      
select * from S_ITEM;                                                           
select * from S_LONGTEXT;                                                       
select * from S_ORD;                                                            
select * from S_PRODUCT;                                                        
select * from S_REGION;                                                         
select * from S_TITLE;                                                          
select * from S_WAREHOUSE;                                                      

12 rows selected.

SQL> set feed off
SQL> /

select * from S_CUSTOMER;                                                       
select * from S_DEPT;                                                           
select * from S_EMP;                                                            
select * from S_IMAGE;                                                          
select * from S_INVENTORY;                                                      
select * from S_ITEM;                                                           
select * from S_LONGTEXT;                                                       
select * from S_ORD;                                                            
select * from S_PRODUCT;                                                        
select * from S_REGION;                                                         
select * from S_TITLE;                                                          
select * from S_WAREHOUSE;                                                      
SQL> clear screen
SQL> l
  1* select 'select * from '||table_name||';' from user_tables
SQL> desc s_emp
 Name                                      Null?    Type
 ----------------------------------------- -------- ----------------------------
 ID                                        NOT NULL NUMBER(7)
 LAST_NAME                                 NOT NULL VARCHAR2(25)
 FIRST_NAME                                         VARCHAR2(25)
 USERID                                             VARCHAR2(8)
 START_DATE                                         DATE
 COMMENTS                                           VARCHAR2(255)
 MANAGER_ID                                         NUMBER(7)
 TITLE                                              VARCHAR2(25)
 DEPT_ID                                            NUMBER(7)
 SALARY                                             NUMBER(11,2)
 COMMISSION_PCT                                     NUMBER(4,2)

SQL> clear screen
SQL> select first_name,salary,commission_pct
  2  from s_emp;

Carmen                          2500                                            
LaDoris                         1450                                            
Midori                          1400                                            
Mark                            1450                                            
Audry                           1550                                            
Molly                           1200                                            
Roberta                         1250                                            
Ben                             1100                                            
Antoinette                      1300                                            
Marta                           1307                                            
Colin                           1400             10                             
Henry                           1490           12.5                             
Yasmin                          1515             10                             

Mai                             1525             15                             
Andre                           1450           17.5                             
Elena                           1400                                            
George                           940                                            
Akira                           1200                                            
Vikram                           795                                            
Chad                             750                                            
Alexander                        850                                            
Eddie                            800                                            
Radha                            795                                            
Bela                             860                                            
Sylvie                          1100                                            
SQL> clear screen
SQL> set head on
SQL> set feed on
SQL> /

FIRST_NAME                    SALARY COMMISSION_PCT                             
------------------------- ---------- --------------                             
Carmen                          2500                                            
LaDoris                         1450                                            
Midori                          1400                                            
Mark                            1450                                            
Audry                           1550                                            
Molly                           1200                                            
Roberta                         1250                                            
Ben                             1100                                            
Antoinette                      1300                                            
Marta                           1307                                            
Colin                           1400             10                             

FIRST_NAME                    SALARY COMMISSION_PCT                             
------------------------- ---------- --------------                             
Henry                           1490           12.5                             
Yasmin                          1515             10                             
Mai                             1525             15                             
Andre                           1450           17.5                             
Elena                           1400                                            
George                           940                                            
Akira                           1200                                            
Vikram                           795                                            
Chad                             750                                            
Alexander                        850                                            
Eddie                            800                                            

FIRST_NAME                    SALARY COMMISSION_PCT                             
------------------------- ---------- --------------                             
Radha                            795                                            
Bela                             860                                            
Sylvie                          1100                                            

25 rows selected.

SQL> clear screen
SQL> select first_name,
  2  salary*12*(1+commission_pct/100) total_salary
  3  from s_emp;

FIRST_NAME                TOTAL_SALARY                                          
------------------------- ------------                                          
Carmen                                                                          
LaDoris                                                                         
Midori                                                                          
Mark                                                                            
Audry                                                                           
Molly                                                                           
Roberta                                                                         
Ben                                                                             
Antoinette                                                                      
Marta                                                                           
Colin                            18480                                          

FIRST_NAME                TOTAL_SALARY                                          
------------------------- ------------                                          
Henry                            20115                                          
Yasmin                           19998                                          
Mai                              21045                                          
Andre                            20445                                          
Elena                                                                           
George                                                                          
Akira                                                                           
Vikram                                                                          
Chad                                                                            
Alexander                                                                       
Eddie                                                                           

FIRST_NAME                TOTAL_SALARY                                          
------------------------- ------------                                          
Radha                                                                           
Bela                                                                            
Sylvie                                                                          

25 rows selected.

SQL> 
SQL> edit
Wrote file afiedt.buf

  1  select first_name,
  2  salary*12*(1+nvl(commission_pct,0)/100) total_salary
  3* from s_emp
SQL> /

FIRST_NAME                TOTAL_SALARY                                          
------------------------- ------------                                          
Carmen                           30000                                          
LaDoris                          17400                                          
Midori                           16800                                          
Mark                             17400                                          
Audry                            18600                                          
Molly                            14400                                          
Roberta                          15000                                          
Ben                              13200                                          
Antoinette                       15600                                          
Marta                            15684                                          
Colin                            18480                                          

FIRST_NAME                TOTAL_SALARY                                          
------------------------- ------------                                          
Henry                            20115                                          
Yasmin                           19998                                          
Mai                              21045                                          
Andre                            20445                                          
Elena                            16800                                          
George                           11280                                          
Akira                            14400                                          
Vikram                            9540                                          
Chad                              9000                                          
Alexander                        10200                                          
Eddie                             9600                                          

FIRST_NAME                TOTAL_SALARY                                          
------------------------- ------------                                          
Radha                             9540                                          
Bela                             10320                                          
Sylvie                           13200                                          

25 rows selected.

SQL> 
SQL> 
SQL> clear screen
SQL> select * from s_dept;

        ID NAME                       REGION_ID                                 
---------- ------------------------- ----------                                 
        10 Finance                            1                                 
        31 Sales                              1                                 
        32 Sales                              2                                 
        33 Sales                              3                                 
        34 Sales                              4                                 
        35 Sales                              5                                 
        41 Operations                         1                                 
        42 Operations                         2                                 
        43 Operations                         3                                 
        44 Operations                         4                                 
        45 Operations                         5                                 

        ID NAME                       REGION_ID                                 
---------- ------------------------- ----------                                 
        50 Administration                     1                                 

12 rows selected.

SQL> clear screen
SQL> select name from s_dept;

NAME                                                                            
-------------------------                                                       
Administration                                                                  
Finance                                                                         
Operations                                                                      
Operations                                                                      
Operations                                                                      
Operations                                                                      
Operations                                                                      
Sales                                                                           
Sales                                                                           
Sales                                                                           
Sales                                                                           

NAME                                                                            
-------------------------                                                       
Sales                                                                           

12 rows selected.

SQL> clear screen
SQL> select distinct name from s_dept;

NAME                                                                            
-------------------------                                                       
Administration                                                                  
Finance                                                                         
Operations                                                                      
Sales                                                                           

4 rows selected.

SQL> select dept_id,title from s_emp;

   DEPT_ID TITLE                                                                
---------- -------------------------                                            
        50 President                                                            
        41 VP, Operations                                                       
        31 VP, Sales                                                            
        10 VP, Finance                                                          
        50 VP, Administration                                                   
        41 Warehouse Manager                                                    
        42 Warehouse Manager                                                    
        43 Warehouse Manager                                                    
        44 Warehouse Manager                                                    
        45 Warehouse Manager                                                    
        31 Sales Representative                                                 

   DEPT_ID TITLE                                                                
---------- -------------------------                                            
        32 Sales Representative                                                 
        33 Sales Representative                                                 
        34 Sales Representative                                                 
        35 Sales Representative                                                 
        41 Stock Clerk                                                          
        41 Stock Clerk                                                          
        42 Stock Clerk                                                          
        42 Stock Clerk                                                          
        43 Stock Clerk                                                          
        43 Stock Clerk                                                          
        44 Stock Clerk                                                          

   DEPT_ID TITLE                                                                
---------- -------------------------                                            
        34 Stock Clerk                                                          
        45 Stock Clerk                                                          
        45 Stock Clerk                                                          

25 rows selected.

SQL> clear screen
SQL> select distinct dept_id,title from s_emp;

   DEPT_ID TITLE                                                                
---------- -------------------------                                            
        10 VP, Finance                                                          
        31 Sales Representative                                                 
        31 VP, Sales                                                            
        32 Sales Representative                                                 
        33 Sales Representative                                                 
        34 Sales Representative                                                 
        34 Stock Clerk                                                          
        35 Sales Representative                                                 
        41 Stock Clerk                                                          
        41 VP, Operations                                                       
        41 Warehouse Manager                                                    

   DEPT_ID TITLE                                                                
---------- -------------------------                                            
        42 Stock Clerk                                                          
        42 Warehouse Manager                                                    
        43 Stock Clerk                                                          
        43 Warehouse Manager                                                    
        44 Stock Clerk                                                          
        44 Warehouse Manager                                                    
        45 Stock Clerk                                                          
        45 Warehouse Manager                                                    
        50 President                                                            
        50 VP, Administration                                                   

21 rows selected.

SQL> 
SQL> 
SQL> clear screen
SQL> desc s_emp
 Name                                      Null?    Type
 ----------------------------------------- -------- ----------------------------
 ID                                        NOT NULL NUMBER(7)
 LAST_NAME                                 NOT NULL VARCHAR2(25)
 FIRST_NAME                                         VARCHAR2(25)
 USERID                                             VARCHAR2(8)
 START_DATE                                         DATE
 COMMENTS                                           VARCHAR2(255)
 MANAGER_ID                                         NUMBER(7)
 TITLE                                              VARCHAR2(25)
 DEPT_ID                                            NUMBER(7)
 SALARY                                             NUMBER(11,2)
 COMMISSION_PCT                                     NUMBER(4,2)

SQL> clear screen
SQL> COLUMN last_name HEADING 'Employee|Name' FORMAT A15
SQL> select last_name,salary from s_emp;

Employee                                                                        
Name                SALARY                                                      
--------------- ----------                                                      
Velasquez             2500                                                      
Ngao                  1450                                                      
Nagayama              1400                                                      
Quick-To-See          1450                                                      
Ropeburn              1550                                                      
Urguhart              1200                                                      
Menchu                1250                                                      
Biri                  1100                                                      
Catchpole             1300                                                      
Havel                 1307                                                      

Employee                                                                        
Name                SALARY                                                      
--------------- ----------                                                      
Magee                 1400                                                      
Giljum                1490                                                      
Sedeghi               1515                                                      
Nguyen                1525                                                      
Dumas                 1450                                                      
Maduro                1400                                                      
Smith                  940                                                      
Nozaki                1200                                                      
Patel                  795                                                      
Newman                 750                                                      

Employee                                                                        
Name                SALARY                                                      
--------------- ----------                                                      
Markarian              850                                                      
Chang                  800                                                      
Patel                  795                                                      
Dancs                  860                                                      
Schwartz              1100                                                      

25 rows selected.

SQL> clear screen
SQL> 'COLUMN salary JUSTIFY LEFT FORMAT $99,990.00
SP2-0734: unknown command beginning "'COLUMN sa..." - rest of line ignored.
SQL> COLUMN salary JUSTIFY LEFT FORMAT $99,990.00
SQL> select salary from s_emp;

SALARY                                                                          
-----------                                                                     
  $2,500.00                                                                     
  $1,450.00                                                                     
  $1,400.00                                                                     
  $1,450.00                                                                     
  $1,550.00                                                                     
  $1,200.00                                                                     
  $1,250.00                                                                     
  $1,100.00                                                                     
  $1,300.00                                                                     
  $1,307.00                                                                     
  $1,400.00                                                                     

SALARY                                                                          
-----------                                                                     
  $1,490.00                                                                     
  $1,515.00                                                                     
  $1,525.00                                                                     
  $1,450.00                                                                     
  $1,400.00                                                                     
    $940.00                                                                     
  $1,200.00                                                                     
    $795.00                                                                     
    $750.00                                                                     
    $850.00                                                                     
    $800.00                                                                     

SALARY                                                                          
-----------                                                                     
    $795.00                                                                     
    $860.00                                                                     
  $1,100.00                                                                     

25 rows selected.

SQL> COLUMN salary JUSTIFY LEFT FORMAT $00,000.00
SQL> clear screen
SQL> COLUMN salary JUSTIFY LEFT FORMAT $00,000.00
SQL> l
  1* select salary from s_emp
SQL> /

SALARY                                                                          
-----------                                                                     
 $02,500.00                                                                     
 $01,450.00                                                                     
 $01,400.00                                                                     
 $01,450.00                                                                     
 $01,550.00                                                                     
 $01,200.00                                                                     
 $01,250.00                                                                     
 $01,100.00                                                                     
 $01,300.00                                                                     
 $01,307.00                                                                     
 $01,400.00                                                                     

SALARY                                                                          
-----------                                                                     
 $01,490.00                                                                     
 $01,515.00                                                                     
 $01,525.00                                                                     
 $01,450.00                                                                     
 $01,400.00                                                                     
 $00,940.00                                                                     
 $01,200.00                                                                     
 $00,795.00                                                                     
 $00,750.00                                                                     
 $00,850.00                                                                     
 $00,800.00                                                                     

SALARY                                                                          
-----------                                                                     
 $00,795.00                                                                     
 $00,860.00                                                                     
 $01,100.00                                                                     

25 rows selected.

SQL> clear screen
SQL> column last_name
COLUMN   last_name ON
HEADING  'Employee|Name' headsep '|'
FORMAT   A15
SQL> column salary
COLUMN   salary ON
FORMAT   $00,000.00
JUSTIFY left 
SQL> column salary clear
SQL> column salary
SP2-0046: COLUMN 'salary' not defined
SQL> column salary format L99,999.99
SQL> select salary from s_emp;

              SALARY                                                            
--------------------                                                            
           $2,500.00                                                            
           $1,450.00                                                            
           $1,400.00                                                            
           $1,450.00                                                            
           $1,550.00                                                            
           $1,200.00                                                            
           $1,250.00                                                            
           $1,100.00                                                            
           $1,300.00                                                            
           $1,307.00                                                            
           $1,400.00                                                            

              SALARY                                                            
--------------------                                                            
           $1,490.00                                                            
           $1,515.00                                                            
           $1,525.00                                                            
           $1,450.00                                                            
           $1,400.00                                                            
             $940.00                                                            
           $1,200.00                                                            
             $795.00                                                            
             $750.00                                                            
             $850.00                                                            
             $800.00                                                            

              SALARY                                                            
--------------------                                                            
             $795.00                                                            
             $860.00                                                            
           $1,100.00                                                            

25 rows selected.

SQL> 
SQL> select id from s_emp;

        ID                                                                      
----------                                                                      
         1                                                                      
         2                                                                      
         3                                                                      
         4                                                                      
         5                                                                      
         6                                                                      
         7                                                                      
         8                                                                      
         9                                                                      
        10                                                                      
        11                                                                      

        ID                                                                      
----------                                                                      
        12                                                                      
        13                                                                      
        14                                                                      
        15                                                                      
        16                                                                      
        17                                                                      
        18                                                                      
        19                                                                      
        20                                                                      
        21                                                                      
        22                                                                      

        ID                                                                      
----------                                                                      
        23                                                                      
        24                                                                      
        25                                                                      

25 rows selected.

SQL> clear screen
SQL> select first_name,salary
  2  from s_emp
  3  where id = 25;

FIRST_NAME                              SALARY                                  
------------------------- --------------------                                  
Sylvie                               $1,100.00                                  

1 row selected.

SQL> select first_name from s_emp;

FIRST_NAME                                                                      
-------------------------                                                       
Carmen                                                                          
LaDoris                                                                         
Midori                                                                          
Mark                                                                            
Audry                                                                           
Molly                                                                           
Roberta                                                                         
Ben                                                                             
Antoinette                                                                      
Marta                                                                           
Colin                                                                           

FIRST_NAME                                                                      
-------------------------                                                       
Henry                                                                           
Yasmin                                                                          
Mai                                                                             
Andre                                                                           
Elena                                                                           
George                                                                          
Akira                                                                           
Vikram                                                                          
Chad                                                                            
Alexander                                                                       
Eddie                                                                           

FIRST_NAME                                                                      
-------------------------                                                       
Radha                                                                           
Bela                                                                            
Sylvie                                                                          

25 rows selected.

SQL> clear screen
SQL> select first_name,salary
  2  from s_emp
  3  where first_name = "Ben";
where first_name = "Ben"
                   *
ERROR at line 3:
ORA-00904: "Ben": invalid identifier 


SQL> select first_name ,salary
  2  from s_emp
  3  where first_name = ben;
where first_name = ben
                   *
ERROR at line 3:
ORA-00904: "BEN": invalid identifier 


SQL> select first_name,salary
  2  from s_emp
  3  where first_name = 'ben';

no rows selected

SQL> select first_name,salary
  2  from s_emp
  3  where first_name = 'Ben';

FIRST_NAME                              SALARY                                  
------------------------- --------------------                                  
Ben                                  $1,100.00                                  

1 row selected.

SQL> clear screen
SQL> select first_name,salary
  2  from s_emp
  3  where dept_id = 42
  4  and salary > 1000;

FIRST_NAME                              SALARY                                  
------------------------- --------------------                                  
Roberta                              $1,250.00                                  
Akira                                $1,200.00                                  

2 rows selected.

SQL> clear screen
SQL> select first_name,salary
  2  from s_emp
  3  where salary >= 1000
  4  and salary <= 2000;

FIRST_NAME                              SALARY                                  
------------------------- --------------------                                  
LaDoris                              $1,450.00                                  
Midori                               $1,400.00                                  
Mark                                 $1,450.00                                  
Audry                                $1,550.00                                  
Molly                                $1,200.00                                  
Roberta                              $1,250.00                                  
Ben                                  $1,100.00                                  
Antoinette                           $1,300.00                                  
Marta                                $1,307.00                                  
Colin                                $1,400.00                                  
Henry                                $1,490.00                                  

FIRST_NAME                              SALARY                                  
------------------------- --------------------                                  
Yasmin                               $1,515.00                                  
Mai                                  $1,525.00                                  
Andre                                $1,450.00                                  
Elena                                $1,400.00                                  
Akira                                $1,200.00                                  
Sylvie                               $1,100.00                                  

17 rows selected.

SQL> 
SQL> clear screen
SQL> edit
Wrote file afiedt.buf

  1  select first_name,salary
  2  from s_emp
  3* where salary between 1000 and 2000
SQL> /

FIRST_NAME                              SALARY                                  
------------------------- --------------------                                  
LaDoris                              $1,450.00                                  
Midori                               $1,400.00                                  
Mark                                 $1,450.00                                  
Audry                                $1,550.00                                  
Molly                                $1,200.00                                  
Roberta                              $1,250.00                                  
Ben                                  $1,100.00                                  
Antoinette                           $1,300.00                                  
Marta                                $1,307.00                                  
Colin                                $1,400.00                                  
Henry                                $1,490.00                                  

FIRST_NAME                              SALARY                                  
------------------------- --------------------                                  
Yasmin                               $1,515.00                                  
Mai                                  $1,525.00                                  
Andre                                $1,450.00                                  
Elena                                $1,400.00                                  
Akira                                $1,200.00                                  
Sylvie                               $1,100.00                                  

17 rows selected.

SQL> clear screen
SQL> edit
Wrote file afiedt.buf

  1  select first_name,salary
  2  from s_emp
  3* where salary in (1000 ,2000)
SQL> /

no rows selected

SQL> edit
Wrote file afiedt.buf

  1  select first_name,salary
  2  from s_emp
  3* where salary =any (1000 ,2000)
SQL> /

no rows selected

SQL> exit
