SQL> select table_name from user_tables
  2  where table_name like 's_%';

no rows selected

SQL> select table_name from user_tables;

TABLE_NAME                                                                      
------------------------------                                                  
S_CUSTOMER                                                                      
S_DEPT                                                                          
S_EMP                                                                           
S_IMAGE                                                                         
S_INVENTORY                                                                     
S_ITEM                                                                          
S_LONGTEXT                                                                      
S_ORD                                                                           
S_PRODUCT                                                                       
S_REGION                                                                        
S_TITLE                                                                         

TABLE_NAME                                                                      
------------------------------                                                  
S_WAREHOUSE                                                                     

12 rows selected.

SQL> clear screen
SQL> select table_name from user_tables
  2  where table_name like 's_%';

no rows selected

SQL> edit
Wrote file afiedt.buf

  1  select table_name from user_tables
  2* where table_name like 'S_%'
SQL> /

TABLE_NAME                                                                      
------------------------------                                                  
S_CUSTOMER                                                                      
S_DEPT                                                                          
S_EMP                                                                           
S_IMAGE                                                                         
S_INVENTORY                                                                     
S_ITEM                                                                          
S_LONGTEXT                                                                      
S_ORD                                                                           
S_PRODUCT                                                                       
S_REGION                                                                        
S_TITLE                                                                         

TABLE_NAME                                                                      
------------------------------                                                  
S_WAREHOUSE                                                                     

12 rows selected.

SQL> clear screen
SQL> create table table ss(c1 number);
create table table ss(c1 number)
             *
ERROR at line 1:
ORA-00903: invalid table name 


SQL> create table ss (c1 number);

Table created.

SQL> select table_name from user_tables
  2  where table_name like 'S_%';

TABLE_NAME                                                                      
------------------------------                                                  
SS                                                                              
S_CUSTOMER                                                                      
S_DEPT                                                                          
S_EMP                                                                           
S_IMAGE                                                                         
S_INVENTORY                                                                     
S_ITEM                                                                          
S_LONGTEXT                                                                      
S_ORD                                                                           
S_PRODUCT                                                                       
S_REGION                                                                        

TABLE_NAME                                                                      
------------------------------                                                  
S_TITLE                                                                         
S_WAREHOUSE                                                                     

13 rows selected.

SQL> drop table ss;

Table dropped.

SQL> clear screen
SQL> create table ss (c1 number);

Table created.

SQL> select table_name from user_tables
  2  where table_name like 'S\_%' escape '\';

TABLE_NAME                                                                      
------------------------------                                                  
S_CUSTOMER                                                                      
S_DEPT                                                                          
S_EMP                                                                           
S_IMAGE                                                                         
S_INVENTORY                                                                     
S_ITEM                                                                          
S_LONGTEXT                                                                      
S_ORD                                                                           
S_PRODUCT                                                                       
S_REGION                                                                        
S_TITLE                                                                         

TABLE_NAME                                                                      
------------------------------                                                  
S_WAREHOUSE                                                                     

12 rows selected.

SQL> clear screen
SQL> select lower('SQL COUESE') from s_dept;

LOWER('SQL                                                                      
----------                                                                      
sql couese                                                                      
sql couese                                                                      
sql couese                                                                      
sql couese                                                                      
sql couese                                                                      
sql couese                                                                      
sql couese                                                                      
sql couese                                                                      
sql couese                                                                      
sql couese                                                                      
sql couese                                                                      

LOWER('SQL                                                                      
----------                                                                      
sql couese                                                                      

12 rows selected.

SQL> clear screen
SQL> select distinct lower('SQL COURSR') from s_emp;

LOWER('SQL                                                                      
----------                                                                      
sql coursr                                                                      

SQL> select lower('SQL Course') from  dual;

LOWER('SQL                                                                      
----------                                                                      
sql course                                                                      

SQL> select 1+1 from dual;

       1+1                                                                      
----------                                                                      
         2                                                                      

SQL> clear screen
SQL> select lower(first_name) from s_emp;

LOWER(FIRST_NAME)                                                               
-------------------------                                                       
carmen                                                                          
ladoris                                                                         
midori                                                                          
mark                                                                            
audry                                                                           
molly                                                                           
roberta                                                                         
ben                                                                             
antoinette                                                                      
marta                                                                           
colin                                                                           

LOWER(FIRST_NAME)                                                               
-------------------------                                                       
henry                                                                           
yasmin                                                                          
mai                                                                             
andre                                                                           
elena                                                                           
george                                                                          
akira                                                                           
vikram                                                                          
chad                                                                            
alexander                                                                       
eddie                                                                           

LOWER(FIRST_NAME)                                                               
-------------------------                                                       
radha                                                                           
bela                                                                            
sylvie                                                                          

25 rows selected.

SQL> clear screen
SQL> select first_name,salary
  2  from s_emp
  3  where upper(first_name) = 'BEN';

FIRST_NAME                    SALARY                                            
------------------------- ----------                                            
Ben                             1100                                            

SQL> select first_name,salary
  2  from s_emp
  3  where first_name = 'Ben';

FIRST_NAME                    SALARY                                            
------------------------- ----------                                            
Ben                             1100                                            

SQL> clear screen
SQL> select first_name from s_emp;

FIRST_NAME                                                                      
-------------------------                                                       
Carmen                                                                          
LaDoris                                                                         
Midori                                                                          
Mark                                                                            
Audry                                                                           
Molly                                                                           
Roberta                                                                         
Ben                                                                             
Antoinette                                                                      
Marta                                                                           
Colin                                                                           

FIRST_NAME                                                                      
-------------------------                                                       
Henry                                                                           
Yasmin                                                                          
Mai                                                                             
Andre                                                                           
Elena                                                                           
George                                                                          
Akira                                                                           
Vikram                                                                          
Chad                                                                            
Alexander                                                                       
Eddie                                                                           

FIRST_NAME                                                                      
-------------------------                                                       
Radha                                                                           
Bela                                                                            
Sylvie                                                                          

25 rows selected.

SQL> 
SQL> 
SQL> clear screen
SQL> select first_name,substr(first_name,length(first_name)-1,2)
  2  from s_emp;

FIRST_NAME                SUBS                                                  
------------------------- ----                                                  
Carmen                    en                                                    
LaDoris                   is                                                    
Midori                    ri                                                    
Mark                      rk                                                    
Audry                     ry                                                    
Molly                     ly                                                    
Roberta                   ta                                                    
Ben                       en                                                    
Antoinette                te                                                    
Marta                     ta                                                    
Colin                     in                                                    

FIRST_NAME                SUBS                                                  
------------------------- ----                                                  
Henry                     ry                                                    
Yasmin                    in                                                    
Mai                       ai                                                    
Andre                     re                                                    
Elena                     na                                                    
George                    ge                                                    
Akira                     ra                                                    
Vikram                    am                                                    
Chad                      ad                                                    
Alexander                 er                                                    
Eddie                     ie                                                    

FIRST_NAME                SUBS                                                  
------------------------- ----                                                  
Radha                     ha                                                    
Bela                      la                                                    
Sylvie                    ie                                                    

25 rows selected.

SQL> clear screen
SQL> l
  1  select first_name,substr(first_name,length(first_name)-1,2)
  2* from s_emp
SQL> select first_name,substr(first_name,-2,2)
  2  from s_emp;

FIRST_NAME                SUBS                                                  
------------------------- ----                                                  
Carmen                    en                                                    
LaDoris                   is                                                    
Midori                    ri                                                    
Mark                      rk                                                    
Audry                     ry                                                    
Molly                     ly                                                    
Roberta                   ta                                                    
Ben                       en                                                    
Antoinette                te                                                    
Marta                     ta                                                    
Colin                     in                                                    

FIRST_NAME                SUBS                                                  
------------------------- ----                                                  
Henry                     ry                                                    
Yasmin                    in                                                    
Mai                       ai                                                    
Andre                     re                                                    
Elena                     na                                                    
George                    ge                                                    
Akira                     ra                                                    
Vikram                    am                                                    
Chad                      ad                                                    
Alexander                 er                                                    
Eddie                     ie                                                    

FIRST_NAME                SUBS                                                  
------------------------- ----                                                  
Radha                     ha                                                    
Bela                      la                                                    
Sylvie                    ie                                                    

25 rows selected.

SQL> clear screen
SQL> clear screen
SQL> desc s_emp
 Name                                      Null?    Type
 ----------------------------------------- -------- ----------------------------
 ID                                        NOT NULL NUMBER(7)
 LAST_NAME                                 NOT NULL VARCHAR2(25)
 FIRST_NAME                                         VARCHAR2(25)
 USERID                                             VARCHAR2(8)
 START_DATE                                         DATE
 COMMENTS                                           VARCHAR2(255)
 MANAGER_ID                                         NUMBER(7)
 TITLE                                              VARCHAR2(25)
 DEPT_ID                                            NUMBER(7)
 SALARY                                             NUMBER(11,2)
 COMMISSION_PCT                                     NUMBER(4,2)

SQL> clear screen
SQL> select start_date from s_emp;

START_DAT                                                                       
---------                                                                       
03-MAR-90                                                                       
08-MAR-90                                                                       
17-JUN-91                                                                       
07-APR-90                                                                       
04-MAR-90                                                                       
18-JAN-91                                                                       
14-MAY-90                                                                       
07-APR-90                                                                       
09-FEB-92                                                                       
27-FEB-91                                                                       
14-MAY-90                                                                       

START_DAT                                                                       
---------                                                                       
18-JAN-92                                                                       
18-FEB-91                                                                       
22-JAN-92                                                                       
09-OCT-91                                                                       
07-FEB-92                                                                       
08-MAR-90                                                                       
09-FEB-91                                                                       
06-AUG-91                                                                       
21-JUL-91                                                                       
26-MAY-91                                                                       
30-NOV-90                                                                       

START_DAT                                                                       
---------                                                                       
17-OCT-90                                                                       
17-MAR-91                                                                       
09-MAY-91                                                                       

25 rows selected.

SQL> clear screen
SQL> select sysdate from dual;

SYSDATE                                                                         
---------                                                                       
19-OCT-07                                                                       

SQL> alter session set nls_date_format='yyyy mm dd hh24:mi:ss';

Session altered.

SQL> select sysdate from dual;

SYSDATE                                                                         
-------------------                                                             
2007 10 19 10:39:48                                                             

SQL> select start_date from s_emp
  2  where id =10;

START_DATE                                                                      
-------------------                                                             
1991 02 27 00:00:00                                                             

SQL> clear screen
SQL> connect sd0706/sd0706
Connected.
SQL> select sysdate from dual;

SYSDATE                                                                         
---------                                                                       
19-OCT-07                                                                       

SQL> clear screen
SQL> alter session set nls_date_format='yyyy mm dd hh24:mi:ss';

Session altered.

SQL> select sysdate-1,sysdate,sysdate+1
  2  from dual;

SYSDATE-1           SYSDATE             SYSDATE+1                               
------------------- ------------------- -------------------                     
2007 10 18 10:44:14 2007 10 19 10:44:14 2007 10 20 10:44:14                     

SQL> select sysdate,sysdate+1/144 from dual;

SYSDATE             SYSDATE+1/144                                               
------------------- -------------------                                         
2007 10 19 10:46:43 2007 10 19 10:56:43                                         

SQL> clear screen
SQL> select next_day(sysdate,'FRIDAY') from dual;

NEXT_DAY(SYSDATE,'F                                                             
-------------------                                                             
2007 10 26 10:50:21                                                             

SQL> select last_day(sysdate) from dual;

LAST_DAY(SYSDATE)                                                               
-------------------                                                             
2007 10 31 10:51:25                                                             

SQL> select last_day('19-OCT-07') from dual;

LAST_DAY('19-OCT-07                                                             
-------------------                                                             
0019 10 31 00:00:00                                                             

SQL> connect sd0706/sd0706
Connected.
SQL> select last_day('19-OCT-07') from dual;

LAST_DAY(                                                                       
---------                                                                       
31-OCT-07                                                                       

SQL> clear screen
SQL> select round('19-OCT-07','MONTH') from dual;
select round('19-OCT-07','MONTH') from dual
             *
ERROR at line 1:
ORA-01722: invalid number 


SQL> select round(sysdate) from dual;

ROUND(SYS                                                                       
---------                                                                       
19-OCT-07                                                                       

SQL> select round(sysdate,'MONTH') from dual;

ROUND(SYS                                                                       
---------                                                                       
01-NOV-07                                                                       

SQL> clear screen
SQL> select round(sysdate,'MONTH') from dual;

ROUND(SYS                                                                       
---------                                                                       
01-NOV-07                                                                       

SQL> select add_months(trunc(sysdate,'MONTH'),1)
  2  from dual;

ADD_MONTH                                                                       
---------                                                                       
01-NOV-07                                                                       

SQL> select last_day(sysdate)+1 from dual;

LAST_DAY(                                                                       
---------                                                                       
01-NOV-07                                                                       

SQL> select trunc(last_day(sysdate)+1) from dual;

TRUNC(LAS                                                                       
---------                                                                       
01-NOV-07                                                                       

SQL> clear screen
SQL> select start_date from s_emp;

START_DAT                                                                       
---------                                                                       
03-MAR-90                                                                       
08-MAR-90                                                                       
17-JUN-91                                                                       
07-APR-90                                                                       
04-MAR-90                                                                       
18-JAN-91                                                                       
14-MAY-90                                                                       
07-APR-90                                                                       
09-FEB-92                                                                       
27-FEB-91                                                                       
14-MAY-90                                                                       

START_DAT                                                                       
---------                                                                       
18-JAN-92                                                                       
18-FEB-91                                                                       
22-JAN-92                                                                       
09-OCT-91                                                                       
07-FEB-92                                                                       
08-MAR-90                                                                       
09-FEB-91                                                                       
06-AUG-91                                                                       
21-JUL-91                                                                       
26-MAY-91                                                                       
30-NOV-90                                                                       

START_DAT                                                                       
---------                                                                       
17-OCT-90                                                                       
17-MAR-91                                                                       
09-MAY-91                                                                       

25 rows selected.

SQL> clear screen
SQL> select to_char(sysdate,'YEAR') from dual;

TO_CHAR(SYSDATE,'YEAR')                                                         
------------------------------------------                                      
TWO THOUSAND SEVEN                                                              

SQL> select to_char(sysdate,'yyyy') from dual;

TO_C                                                                            
----                                                                            
2007                                                                            

SQL> clear screen
SQL> select first_name,
  2  to_char(start_date,'yyyy mm dd hh24:mi:ss')
  3  from s_emp
  4  where dept_id = 42;

FIRST_NAME                TO_CHAR(START_DATE,                                   
------------------------- -------------------                                   
Roberta                   1990 05 14 00:00:00                                   
Akira                     1991 02 09 00:00:00                                   
Vikram                    1991 08 06 00:00:00                                   

SQL> select first_name,
  2  start_date from s_emp
  3  where dept_id = 42;

FIRST_NAME                START_DAT                                             
------------------------- ---------                                             
Roberta                   14-MAY-90                                             
Akira                     09-FEB-91                                             
Vikram                    06-AUG-91                                             

SQL> clear screen
SQL> select first_name,salary
  2  from s_emp
  3  where to_char(start_date,'mm') = '03';

FIRST_NAME                    SALARY                                            
------------------------- ----------                                            
Carmen                          2500                                            
LaDoris                         1450                                            
Audry                           1550                                            
George                           940                                            
Bela                             860                                            

SQL> select first_name,salary
  2   from s_emp
  3  where to_char(start_date,'mm') = '3';

no rows selected

SQL> select first_name,salary
  2  from s_emp
  3  where to_char(start_date,'mm') = 3;

FIRST_NAME                    SALARY                                            
------------------------- ----------                                            
Carmen                          2500                                            
LaDoris                         1450                                            
Audry                           1550                                            
George                           940                                            
Bela                             860                                            

SQL> 
SQL> edit
Wrote file afiedt.buf

  1  select first_name,salary
  2  from s_emp
  3* where to_char(start_date,'fmmm') = '3'
SQL> /

FIRST_NAME                    SALARY                                            
------------------------- ----------                                            
Carmen                          2500                                            
LaDoris                         1450                                            
Audry                           1550                                            
George                           940                                            
Bela                             860                                            

SQL> clear screen
SQL> select fist_name,salary
  2  from s_emp
  3  where start_date '%MAR%';
where start_date '%MAR%'
                 *
ERROR at line 3:
ORA-00920: invalid relational operator 


SQL> edit
Wrote file afiedt.buf

  1  select fist_name,salary
  2  from s_emp
  3* where start_date like '%MAR%'
SQL> /
select fist_name,salary
       *
ERROR at line 1:
ORA-00904: "FIST_NAME": invalid identifier 


SQL> edit
Wrote file afiedt.buf

  1  select first_name,salary
  2  from s_emp
  3* where start_date like '%MAR%'
SQL> /

FIRST_NAME                    SALARY                                            
------------------------- ----------                                            
Carmen                          2500                                            
LaDoris                         1450                                            
Audry                           1550                                            
George                           940                                            
Bela                             860                                            

SQL> clear screen
SQL> desc test
ERROR:
ORA-04043: object test does not exist 


SQL> clear screen
SQL> create table test(c1 date);

Table created.

SQL> insert into test values ('01-JAN-07');

1 row created.

SQL> select * from test;

C1                                                                              
---------                                                                       
01-JAN-07                                                                       

SQL> select to_char(c1,'yyyy mm dd hh24:mi:ss') from test;

TO_CHAR(C1,'YYYYMMD                                                             
-------------------                                                             
2007 01 01 00:00:00                                                             

SQL> clear screen
SQL> insert into test
  2  values (to_date('2007 10 09 11:50:00','yyyy mm dd hh24:mi:ss'));

1 row created.

SQL> select to_char(c1,'yyyy mm dd hh24:mi:ss') from test;

TO_CHAR(C1,'YYYYMMD                                                             
-------------------                                                             
2007 01 01 00:00:00                                                             
2007 10 09 11:50:00                                                             

SQL> 
SQL> clear screen
SQL> select round('02-JAN-07','MONTH') from dual;
select round('02-JAN-07','MONTH') from dual
             *
ERROR at line 1:
ORA-01722: invalid number 


SQL> select round(to_date('02-JAN-07','DD-MON-RR'),'MONTH') from dual;

ROUND(TO_                                                                       
---------                                                                       
01-JAN-07                                                                       

SQL> clear screen
SQL> drop table test;
drop table test
           *
ERROR at line 1:
ORA-00054: resource busy and acquire with NOWAIT specified 


SQL> commit;

Commit complete.

SQL> drop table test;
drop table test
           *
ERROR at line 1:
ORA-00054: resource busy and acquire with NOWAIT specified 


SQL> commit;

Commit complete.

SQL> clear screen
SQL> drop table test;
drop table test
           *
ERROR at line 1:
ORA-00942: table or view does not exist 


SQL> clear screen
SQL> create table test(c1 varchar2(10));

Table created.

SQL> insert into test values('10');

1 row created.

SQL> insert into test values('20');

1 row created.

SQL> commit;

Commit complete.

SQL> select to_number(c1)+1 from test;

TO_NUMBER(C1)+1                                                                 
---------------                                                                 
             11                                                                 
             21                                                                 

SQL> clear screen
SQL> insert into test values ('ab');

1 row created.

SQL> commit;

Commit complete.

SQL> select to_number(c1) from test;
ERROR:
ORA-01722: invalid number 



no rows selected

SQL> select to_number(c1,'xx') from test;

TO_NUMBER(C1,'XX')                                                              
------------------                                                              
                16                                                              
                32                                                              
               171                                                              

SQL> select * from test;

C1                                                                              
----------                                                                      
10                                                                              
20                                                                              
ab                                                                              

SQL> exit
