SQL> clear screen
SQL> desc child
ERROR:
ORA-04043: object child does not exist 


SQL> clear screen
SQL> create table child (c1 number primary key,
  2  c2 number references parent(c1));
c2 number references parent(c1))
                     *
ERROR at line 2:
ORA-00942: table or view does not exist 


SQL> clear screen
SQL> create table parent (c1 number);

Table created.

SQL> create table child (c1 number primary key,
  2  c2 number references parent(c1));
c2 number references parent(c1))
                            *
ERROR at line 2:
ORA-02270: no matching unique or primary key for this column-list 


SQL> drop table parent;

Table dropped.

SQL> create table parent (c1 number primary key);

Table created.

SQL> create table child (c1 number primary key,
  2   c2 number references parent(c1));

Table created.

SQL> clear screen
SQL> insert into child values (1,1);
insert into child values (1,1)
*
ERROR at line 1:
ORA-02291: integrity constraint (SD0706.SYS_C0019163) violated - parent key not 
found 


SQL> insert into parent values (1);

1 row created.

SQL> insert into child values (1,1);

1 row created.

SQL> delete from parent;
delete from parent
*
ERROR at line 1:
ORA-02292: integrity constraint (SD0706.SYS_C0019163) violated - child record 
found 


SQL> clear screen
SQL> delete from child;

1 row deleted.

SQL> delete from parent;

1 row deleted.

SQL> drop table parent;
drop table parent
           *
ERROR at line 1:
ORA-00054: resource busy and acquire with NOWAIT specified 


SQL> commit;

Commit complete.

SQL>  drop table parent;
 drop table parent
            *
ERROR at line 1:
ORA-02449: unique/primary keys in table referenced by foreign keys 


SQL> clear screen
SQL> drop table child;

Table dropped.

SQL> drop table parent;

Table dropped.

SQL> 
SQL> 
SQL> clear screen
SQL> create table parent(c1 number primary key);
create table parent(c1 number primary key)
             *
ERROR at line 1:
ORA-00955: name is already used by an existing object 


SQL> connect hiloo
Connected.
SQL> clear screen
SQL> create table parent (c1 number primary key);

Table created.

SQL> create table child (c1 number primary key,k
  2  c2 number,
  3  foreign key(c2) references parent(c1));
c2 number,
   *
ERROR at line 2:
ORA-00907: missing right parenthesis 


SQL> edit
Wrote file afiedt.buf

  1  create table child (c1 number primary key,
  2  c2 number,
  3* foreign key(c2) references parent(c1))
SQL> /

Table created.

SQL> clear screen
SQL> l
  1  create table child (c1 number primary key,
  2  c2 number,
  3* foreign key(c2) references parent(c1))
SQL> drop table child;

Table dropped.

SQL> create table child (c1 number primary key,
  2  c2 number references parent(c1) on delete cascade);

Table created.

SQL> insert into parent values (1);

1 row created.

SQL> insert into child values (1,1);

1 row created.

SQL> clear screen
SQL> delete from parent;

1 row deleted.

SQL> select * from parent;

no rows selected

SQL> select * from child;

no rows selected

SQL> clear screen
SQL> drop table child;

Table dropped.

SQL> create table child (c1 number primary key,
  2  c2 number references parent (c1) on delete set null);

Table created.

SQL> insert into parent values (1);

1 row created.

SQL> insert into child values (1,1);

1 row created.

SQL> delete from parent;

1 row deleted.

SQL> select * from parent;

no rows selected

SQL> select * from child;

        C1         C2                                                           
---------- ----------                                                           
         1                                                                      

SQL> clear screen
SQL> desc test
ERROR:
ORA-04043: object test does not exist 


SQL> create table test(c1 number primary key);

Table created.

SQL> desc test
 Name                                      Null?    Type
 ----------------------------------------- -------- ----------------------------
 C1                                        NOT NULL NUMBER

SQL> clear screen
SQL> drop table test;

Table dropped.

SQL> create table test(c1 number not null,c2 number);

Table created.

SQL> desc test
 Name                                      Null?    Type
 ----------------------------------------- -------- ----------------------------
 C1                                        NOT NULL NUMBER
 C2                                                 NUMBER

SQL> insert into test(c2) values (2);
insert into test(c2) values (2)
*
ERROR at line 1:
ORA-01400: cannot insert NULL into ("HILOO"."TEST"."C1") 


SQL> clear screen
SQL> desc test
 Name                                      Null?    Type
 ----------------------------------------- -------- ----------------------------
 C1                                        NOT NULL NUMBER
 C2                                                 NUMBER

SQL> drop table test;

Table dropped.

SQL> create table test(c1 number unique,c2 number);

Table created.

SQL> insert into test (c2) values (1);

1 row created.

SQL> /

1 row created.

SQL> select * from test;

        C1         C2                                                           
---------- ----------                                                           
                    1                                                           
                    1                                                           

SQL> clear screen
SQL> drop table test;

Table dropped.

SQL> create table test(c1 number,
  2  unique(c1));

Table created.

SQL> drop table test;

Table dropped.

SQL> clear screen
SQL> create table test(c1 number primary key,
  2  c2 number unique not null);

Table created.

SQL> desc test
 Name                                      Null?    Type
 ----------------------------------------- -------- ----------------------------
 C1                                        NOT NULL NUMBER
 C2                                        NOT NULL NUMBER

SQL> clear screen
SQL> drop table test;

Table dropped.

SQL> clear screen
SQL> create table test(c1 number check (c1 > 100));

Table created.

SQL> insert into test values (100);
insert into test values (100)
*
ERROR at line 1:
ORA-02290: check constraint (HILOO.SYS_C0019406) violated 


SQL> drop table test;

Table dropped.

SQL> create table test(c1 number ,
  2  check (c1 > 100));

Table created.

SQL> drop table test;

Table dropped.

SQL> clear screen
SQL> create table test(c1 number,
  2  check (c1 is not null));

Table created.

SQL> desc test
 Name                                      Null?    Type
 ----------------------------------------- -------- ----------------------------
 C1                                                 NUMBER

SQL> show user
USER is "HILOO"
SQL> connect sd0706/sd0706
Connected.
SQL> clear screen
SQL> create table emp_bak
  2  as
  3  select * from s_emp
  4  where 1 = 2;

Table created.

SQL> select count(*) from emp_bak;

  COUNT(*)                                                                      
----------                                                                      
         0                                                                      

SQL> desc emp_bak
 Name                                      Null?    Type
 ----------------------------------------- -------- ----------------------------
 ID                                        NOT NULL NUMBER(7)
 LAST_NAME                                 NOT NULL VARCHAR2(25)
 FIRST_NAME                                         VARCHAR2(25)
 USERID                                             VARCHAR2(8)
 START_DATE                                         DATE
 COMMENTS                                           VARCHAR2(255)
 MANAGER_ID                                         NUMBER(7)
 TITLE                                              VARCHAR2(25)
 DEPT_ID                                            NUMBER(7)
 SALARY                                             NUMBER(11,2)
 COMMISSION_PCT                                     NUMBER(4,2)

SQL> 
SQL> 
SQL> 
SQL> spool off
