SQL> select * from test;

        C1                                                                      
----------                                                                      
        56                                                                      
       134                                                                      
         1                                                                      
         1                                                                      
         1                                                                      
         1                                                                      
         1                                                                      
         1                                                                      
         1                                                                      
         1                                                                      

10 rows selected.

SQL> clear screen
SQL> create table test_t56
  2  as
  3  select * from test
  4  where c1 = 56;

Table created.

SQL> select * from test_t56;

        C1                                                                      
----------                                                                      
        56                                                                      

SQL> clear screen
SQL> create or replace view test_v56
  2  as
  3  select * from test
  4  where c1 = 56;

View created.

SQL> desc test_v56
 Name                                      Null?    Type
 ----------------------------------------- -------- ----------------------------
 C1                                                 NUMBER

SQL> clear screen
SQL> select * from test_v56;

        C1                                                                      
----------                                                                      
        56                                                                      

SQL> insert into test values (56);

1 row created.

SQL> select * from test_v56;

        C1                                                                      
----------                                                                      
        56                                                                      
        56                                                                      

SQL> clear screen
SQL> insert into test_v56
  2  values (56);

1 row created.

SQL> select * from test_v56;

        C1                                                                      
----------                                                                      
        56                                                                      
        56                                                                      
        56                                                                      

SQL> select * from test;

        C1                                                                      
----------                                                                      
        56                                                                      
       134                                                                      
        56                                                                      
        56                                                                      
         1                                                                      
         1                                                                      
         1                                                                      
         1                                                                      
         1                                                                      
         1                                                                      
         1                                                                      

        C1                                                                      
----------                                                                      
         1                                                                      

12 rows selected.

SQL> clear screen
SQL> insert into test_v56 values (57);

1 row created.

SQL> select * from test_v56;

        C1                                                                      
----------                                                                      
        56                                                                      
        56                                                                      
        56                                                                      

SQL> select * from test;

        C1                                                                      
----------                                                                      
        56                                                                      
       134                                                                      
        56                                                                      
        56                                                                      
        57                                                                      
         1                                                                      
         1                                                                      
         1                                                                      
         1                                                                      
         1                                                                      
         1                                                                      

        C1                                                                      
----------                                                                      
         1                                                                      
         1                                                                      

13 rows selected.

SQL> clear screen
SQL> desc user_views
 Name                                      Null?    Type
 ----------------------------------------- -------- ----------------------------
 VIEW_NAME                                 NOT NULL VARCHAR2(30)
 TEXT_LENGTH                                        NUMBER
 TEXT                                               LONG
 TYPE_TEXT_LENGTH                                   NUMBER
 TYPE_TEXT                                          VARCHAR2(4000)
 OID_TEXT_LENGTH                                    NUMBER
 OID_TEXT                                           VARCHAR2(4000)
 VIEW_TYPE_OWNER                                    VARCHAR2(30)
 VIEW_TYPE                                          VARCHAR2(30)
 SUPERVIEW_NAME                                     VARCHAR2(30)

SQL> clear screen
SQL> select view_name,text from user_views;

VIEW_NAME                                                                       
------------------------------                                                  
TEXT                                                                            
--------------------------------------------------------------------------------
TEST_V56                                                                        
select "C1" from test                                                           
where c1 = 56                                                                   
                                                                                

SQL> clear screen
SQL> create view test_v56
  2  as
  3  select * from test
  4  where c1 = 57;
create view test_v56
            *
ERROR at line 1:
ORA-00955: name is already used by an existing object 


SQL> drop view test_v56
  2  
SQL> clear screen
SQL> desc s_dept
 Name                                      Null?    Type
 ----------------------------------------- -------- ----------------------------
 ID                                        NOT NULL NUMBER(7)
 NAME                                      NOT NULL VARCHAR2(25)
 REGION_ID                                          NUMBER(7)

SQL> select rownum,id from s_dept;

    ROWNUM         ID                                                           
---------- ----------                                                           
         1         10                                                           
         2         11                                                           
         3         31                                                           
         4         32                                                           
         5         33                                                           
         6         34                                                           
         7         35                                                           
         8         41                                                           
         9         42                                                           
        10         43                                                           
        11         44                                                           

    ROWNUM         ID                                                           
---------- ----------                                                           
        12         45                                                           
        13         50                                                           

13 rows selected.

SQL> clear screen
SQL> select rownum,id from s_dept
  2  where rownum = 1;

    ROWNUM         ID                                                           
---------- ----------                                                           
         1         10                                                           

SQL> edit
Wrote file afiedt.buf

  1  select rownum,id from s_dept
  2* where rownum = 2
SQL> /

no rows selected

SQL> clear screen
SQL> select rownum,id from s_dept
  2  where rownum between 5 and 10;

no rows selected

SQL> select rownum,id from s_dept
  2  where rownum <= 2;

    ROWNUM         ID                                                           
---------- ----------                                                           
         1         10                                                           
         2         11                                                           

SQL> clear screen
SQL> select rownum,d.* from s_dept
  2  where rownum <= 10
  3  
SQL> 
SQL> edit
Wrote file afiedt.buf

  1  select rn,d.* from (select rownum rn,d.* from s_dept
  2                      where rownum <= 10 ) d
  3* where rn between 5 and 10
SQL> /
select rn,d.* from (select rownum rn,d.* from s_dept
                                       *
ERROR at line 1:
ORA-00904: "D": invalid identifier 


SQL> edit
Wrote file afiedt.buf

  1  select rn,d.* from (select rownum rn,s_dept.* from s_dept 
  2                      where rownum <= 10 ) d
  3* where rn between 5 and 10
SQL> /

        RN         RN         ID NAME                       REGION_ID           
---------- ---------- ---------- ------------------------- ----------           
         5          5         42 Operations                         2           
         6          6         43 Operations                         3           
         7          7         44 Operations                         4           
         8          8         45 Operations                         5           
         9          9         31 Sales                              1           
        10         10         32 Sales                              2           

6 rows selected.

SQL> clear screen
SQL> select rownum,first_name
  2  from s_emp
  3  where rownum = 5
  4  order by salary desc
  5  ;

no rows selected

SQL> edit
Wrote file afiedt.buf

  1  select rownum,first_name
  2  from s_emp
  3  where rownum <= 5
  4* order by salary desc
  5  /

    ROWNUM FIRST_NAME                                                           
---------- -------------------------                                            
         1 Carmen                                                               
         5 Audry                                                                
         2 LaDoris                                                              
         4 Mark                                                                 
         3 Midori                                                               

SQL> edit
Wrote file afiedt.buf

  1  select rownum,first_name,salary
  2  from s_emp
  3  where rownum <= 5
  4* order by salary desc
SQL> /

    ROWNUM FIRST_NAME                    SALARY                                 
---------- ------------------------- ----------                                 
         1 Carmen                          2500                                 
         5 Audry                           1550                                 
         2 LaDoris                         1450                                 
         4 Mark                            1450                                 
         3 Midori                          1400                                 

SQL> clear screen
SQL> select rownum,first_name from s_emp
  2  order by salary desc
  3  where rownum <= 5;
where rownum <= 5
*
ERROR at line 3:
ORA-00933: SQL command not properly ended 


SQL> select first_name,salary from s_emp
  2  order by salary desc
  3  
SQL> 
SQL> edit
Wrote file afiedt.buf

  1  select rownum,first_name,salary 
  2  from (select first_name,salary from s_emp
  3        order by salary desc )
  4* where rownum <= 5
SQL> /

    ROWNUM FIRST_NAME                    SALARY                                 
---------- ------------------------- ----------                                 
         1 Carmen                          2500                                 
         2 Audry                           1550                                 
         3 Mai                             1525                                 
         4 Yasmin                          1515                                 
         5 Henry                           1490                                 

SQL> 
SQL> clear screen
SQL> create or replace view test_ro
  2  as
  3  select * from test
  4  where c1=1
  5  with read only;

View created.

SQL> insert into test_ro values (1);
insert into test_ro values (1)
*
ERROR at line 1:
ORA-01733: virtual column not allowed here 


SQL> reate or replace view test_ro
SP2-0734: unknown command beginning "reate or r..." - rest of line ignored.
SQL>   2  as
SQL>   3  select * from test
SQL>   4  where c1=1
SQL>   5  with read only;
SQL> 
SQL> edit
Wrote file afiedt.buf

  1  create or replace view test_co
  2  as
  3   select * from test
  4   where c1=1
  5*  with check option
SQL> /

View created.

SQL> insert into test values (2);

1 row created.

SQL> insert into test_co values (2);
insert into test_co values (2)
            *
ERROR at line 1:
ORA-01402: view WITH CHECK OPTION where-clause violation 


SQL> insert into test_co values (1);

1 row created.

SQL> clear screen
SQL> select distinct constraint_type
  2  from user_constraints
  3  ;

C                                                                               
-                                                                               
C                                                                               
O                                                                               
P                                                                               
R                                                                               
U                                                                               
V                                                                               

6 rows selected.

SQL> select constraint_name,table_name from user_constraints
  2  where constraint_type in ('O','V');

CONSTRAINT_NAME                TABLE_NAME                                       
------------------------------ ------------------------------                   
SYS_C0019696                   TEST_CO                                          
SYS_C0019694                   TEST_RO                                          

SQL> edit
Wrote file afiedt.buf

  1  select constraint_type,table_name from user_constraints
  2* where constraint_type in ('O','V')
SQL> /

C TABLE_NAME                                                                    
- ------------------------------                                                
V TEST_CO                                                                       
O TEST_RO                                                                       

SQL> clear screen
SQL> exit
