SQL> create sequence s1
  2  ;

Sequence created.

SQL> desc test
 Name                                      Null?    Type
 ----------------------------------------- -------- ----------------------------
 C1                                                 VARCHAR2(10)

SQL> drop table test;

Table dropped.

SQL> clear screen
SQL> create table test(c1 number);

Table created.

SQL> alter table test add primary key(c1);
alter table test add primary key(c1)
*
ERROR at line 1:
ORA-00942: table or view does not exist 


SQL> desc test
 Name                                      Null?    Type
 ----------------------------------------- -------- ----------------------------
 C1                                                 NUMBER

SQL> alter table test add primary key(c1);

Table altered.

SQL> clear screen
SQL> insert into test values (s1.nextval);

1 row created.

SQL> select * from test;

        C1                                                                      
----------                                                                      
         1                                                                      

SQL>  insert into test values (s1.nextval);

1 row created.

SQL> /

1 row created.

SQL> /

1 row created.

SQL> clear creen
SP2-0158: unknown CLEAR option "creen"
SQL> clear screen
SQL> select * from test;

        C1                                                                      
----------                                                                      
         1                                                                      
         3                                                                      
         5                                                                      
         6                                                                      

SQL> commit;

Commit complete.

SQL> select * from test;

        C1                                                                      
----------                                                                      
         1                                                                      
         3                                                                      
         5                                                                      
         6                                                                      

SQL> clear screen
SQL> select s1.nextval from dual;

   NEXTVAL                                                                      
----------                                                                      
         7                                                                      

SQL>  insert into test values (s1.nextval);

1 row created.

SQL> select * from test;

        C1                                                                      
----------                                                                      
         1                                                                      
         2                                                                      
         3                                                                      
         4                                                                      
         5                                                                      
         6                                                                      
         8                                                                      

7 rows selected.

SQL> clear screen
SQL> select s1.currval from dual;

   CURRVAL                                                                      
----------                                                                      
         8                                                                      

SQL> clear screen
SQL> create sequence s2 nocache;

Sequence created.

SQL> desc dict
 Name                                      Null?    Type
 ----------------------------------------- -------- ----------------------------
 TABLE_NAME                                         VARCHAR2(30)
 COMMENTS                                           VARCHAR2(4000)

SQL> clear screen
SQL> select table_name from dict
  2  where table_name like 'user_cons%';

no rows selected

SQL> edit
Wrote file afiedt.buf

  1  select table_name from dict
  2* where table_name like 'USER_CONS%'
SQL> /

TABLE_NAME                                                                      
------------------------------                                                  
USER_CONSTRAINTS                                                                
USER_CONS_COLUMNS                                                               
USER_CONS_OBJ_COLUMNS                                                           

SQL> clear screen
SQL> desc user_sequences
 Name                                      Null?    Type
 ----------------------------------------- -------- ----------------------------
 SEQUENCE_NAME                             NOT NULL VARCHAR2(30)
 MIN_VALUE                                          NUMBER
 MAX_VALUE                                          NUMBER
 INCREMENT_BY                              NOT NULL NUMBER
 CYCLE_FLAG                                         VARCHAR2(1)
 ORDER_FLAG                                         VARCHAR2(1)
 CACHE_SIZE                                NOT NULL NUMBER
 LAST_NUMBER                               NOT NULL NUMBER

SQL> clear screen
SQL> select sequence_name,cache_size,last_number
  2  from user_sequences
  3  where sequnence_name like 'S_';
where sequnence_name like 'S_'
      *
ERROR at line 3:
ORA-00904: "SEQUNENCE_NAME": invalid identifier 


SQL> edit
Wrote file afiedt.buf

  1  select sequence_name,cache_size,last_number
  2  from user_sequences
  3* where sequence_name like 'S_'
SQL> /

SEQUENCE_NAME                  CACHE_SIZE LAST_NUMBER                           
------------------------------ ---------- -----------                           
S1                                     20          21                           
S2                                      0           1                           
S3                                      0           1                           

SQL> clear screen
SQL> l
  1  select sequence_name,cache_size,last_number
  2  from user_sequences
  3* where sequence_name like 'S_'
SQL> /

SEQUENCE_NAME                  CACHE_SIZE LAST_NUMBER                           
------------------------------ ---------- -----------                           
S1                                     20          21                           
S2                                      0           1                           
S3                                      0           1                           

SQL> clear screen
SQL> select s1.nextval from dual;

   NEXTVAL                                                                      
----------                                                                      
        21                                                                      

SQL> select s1.nextval from dual;

   NEXTVAL                                                                      
----------                                                                      
        25                                                                      

SQL> select sequence_name,cache_size,last_number
  2  from user_sequences
  3  where sequence_name like 'S_';

SEQUENCE_NAME                  CACHE_SIZE LAST_NUMBER                           
------------------------------ ---------- -----------                           
S1                                     20          41                           
S2                                      0           1                           
S3                                      0           1                           

SQL> clear screen
SQL> edit
Wrote file afiedt.buf

  1  select sequence_name,cache_size,last_number
  2  from user_sequences
  3* where sequence_name like 'S_'
SQL> clear screen
SQL> select s1.nextval from dual;

   NEXTVAL                                                                      
----------                                                                      
       104                                                                      

SQL> select sequence_name,cache_size,last_number
  2  from user_sequences
  3  where sequence_name like 'S_'
  4  /

SEQUENCE_NAME                  CACHE_SIZE LAST_NUMBER                           
------------------------------ ---------- -----------                           
S1                                     20         121                           
S2                                      0           1                           
S3                                      0           1                           

SQL> select s2.nextval from dual;

   NEXTVAL                                                                      
----------                                                                      
         1                                                                      

SQL> select sequence_name,cache_size,last_number
  2  from user_sequences
  3  where sequence_name like 'S_';

SEQUENCE_NAME                  CACHE_SIZE LAST_NUMBER                           
------------------------------ ---------- -----------                           
S1                                     20         121                           
S2                                      0           2                           
S3                                      0           1                           

SQL> clear screen
SQL> select * from test;

        C1                                                                      
----------                                                                      
         1                                                                      
         2                                                                      
         3                                                                      
         4                                                                      
         5                                                                      
         6                                                                      
         8                                                                      
        11                                                                      

8 rows selected.

SQL> insert into test values (s1.nextval);

1 row created.

SQL> select * from test;

        C1                                                                      
----------                                                                      
         1                                                                      
         2                                                                      
         3                                                                      
         4                                                                      
         5                                                                      
         6                                                                      
         8                                                                      
        11                                                                      
       112                                                                      

9 rows selected.

SQL> rollback;

Rollback complete.

SQL>  insert into test values (s1.nextval);

1 row created.

SQL> select * from test;

        C1                                                                      
----------                                                                      
         1                                                                      
         2                                                                      
         3                                                                      
         4                                                                      
         5                                                                      
         6                                                                      
         8                                                                      
        11                                                                      
       113                                                                      

9 rows selected.

SQL> clear screen
SQL> index 索引 副full table scan 全表扫描
SP2-0734: unknown command beginning "index 索引..." - rest of line ignored.
SQL> select * from s_emp
  2  
SQL> 
SQL> select rowid,c1 from test;

ROWID                      C1                                                   
------------------ ----------                                                   
AAAUDFAAEAAABUvAAA          1                                                   
AAAUDFAAEAAABUtAAA          2                                                   
AAAUDFAAEAAABUvAAB          3                                                   
AAAUDFAAEAAABUsAAA          4                                                   
AAAUDFAAEAAABUvAAC          5                                                   
AAAUDFAAEAAABUvAAD          6                                                   
AAAUDFAAEAAABUvAAE          8                                                   
AAAUDFAAEAAABUsAAB         11                                                   
AAAUDFAAEAAABUvAAF        113                                                   

9 rows selected.

SQL> select * from test
  2  where rowid = 'AAAUDFAAEAAABUvAAC';

        C1                                                                      
----------                                                                      
         5                                                                      

SQL> clear screen
SQL> 根 分支 叶子
SP2-0734: unknown command beginning "根 分支 叶..." - rest of line ignored.
SQL> 
SQL> clear screen
SQL> desc test
 Name                                      Null?    Type
 ----------------------------------------- -------- ----------------------------
 C1                                        NOT NULL NUMBER

SQL> alter table test drop primay key;
alter table test drop primay key
                      *
ERROR at line 1:
ORA-00905: missing keyword 


SQL> alter table test drop primary key;

Table altered.

SQL> clear screen
SQL> desc test
 Name                                      Null?    Type
 ----------------------------------------- -------- ----------------------------
 C1                                                 NUMBER

SQL> create index testc1 on test(c1);

Index created.

SQL> select * from test;

        C1                                                                      
----------                                                                      
         4                                                                      
        11                                                                      
         2                                                                      
         1                                                                      
         3                                                                      
         5                                                                      
         6                                                                      
         8                                                                      
       113                                                                      

9 rows selected.

SQL> clear screen
SQL> drop table test;
drop table test
           *
ERROR at line 1:
ORA-00054: resource busy and acquire with NOWAIT specified 


SQL> clear screen
SQL> create table test1(c1 number,c2 number);

Table created.

SQL> create index testc1 on test(c1);
create index testc1 on test(c1)
                       *
ERROR at line 1:
ORA-00054: resource busy and acquire with NOWAIT specified 


SQL> create index testc1 on test1(c1);

Index created.

SQL> drop index testc1;

Index dropped.

SQL> clear screen
SQL> create index test1c1c1 on test1(c1,c2);

Index created.

SQL> exit
